{
  "classes" : [

  ],
  "functions" : [
    {
      "abiName" : "bjs_check",
      "name" : "check",
      "parameters" : [

      ],
      "returnType" : {
        "void" : {

        }
      }
    }
  ]
}